clspcoykvzwvsas-y-at-secas-01-datmd-005
ACP 17.15.32 CentOS 7.9
build_13 2024-12-30 SSPK

dm 17.2.40-16
HA enabled

===============================DM Stats==========================

*** top 15
top - 14:59:34 up 419 days, 23:33,  1 user,  load average: 0.00, 0.01, 0.05
Tasks: 279 total,   1 running, 278 sleeping,   0 stopped,   0 zombie
%Cpu(s):  0.4 us,  0.0 sy,  0.0 ni, 93.4 id,  6.2 wa,  0.0 hi,  0.0 si,  0.0 st
KiB Mem : 13186240+total, 11363348+free,  1754160 used, 16474752 buff/cache
KiB Swap:  4194300 total,  4194300 free,        0 used. 12936044+avail Mem 

  PID USER      PR  NI    VIRT    RES    SHR S  %CPU %MEM     TIME+ COMMAND
    1 root      20   0  191588   4584   2640 S   0.0  0.0  96:38.74 systemd
    2 root      20   0       0      0      0 S   0.0  0.0   0:06.48 kthreadd
    4 root       0 -20       0      0      0 S   0.0  0.0   0:00.00 kworker/0:+
    6 root      20   0       0      0      0 S   0.0  0.0   0:07.30 ksoftirqd/0
    7 root      rt   0       0      0      0 S   0.0  0.0   0:19.05 migration/0
    8 root      20   0       0      0      0 S   0.0  0.0   0:00.00 rcu_bh
    9 root      20   0       0      0      0 S   0.0  0.0  31:55.37 rcu_sched
   10 root       0 -20       0      0      0 S   0.0  0.0   0:00.00 lru-add-dr+

*** pcs status
Cluster Status:
 Stack: corosync
 Current DC: ha_CLSPCOYKVZWvSAS-Y-AT-SECaS-01-DATMD-006 (version 1.1.23-1.el7_9.1-9acf116022) - partition with quorum
 Last updated: Thu May 21 14:59:34 2026
 Last change: Sun Nov 16 19:03:55 2025 by root via cibadmin on ha_CLSPCOYKVZWvSAS-Y-AT-SECaS-01-DATMD-006
 2 nodes configured
 5 resource instances configured

PCSD Status:
  ha_CLSPCOYKVZWvSAS-Y-AT-SECaS-01-DATMD-005: Online
  ha_CLSPCOYKVZWvSAS-Y-AT-SECaS-01-DATMD-006: Online

*** df -h
Filesystem      Size  Used Avail Use% Mounted on
devtmpfs         63G     0   63G   0% /dev
tmpfs            63G   38M   63G   1% /dev/shm
tmpfs            63G  756K   63G   1% /run
tmpfs            63G     0   63G   0% /sys/fs/cgroup
/dev/vda2        15G  7.3G  7.4G  50% /
/dev/vda1      1014M  394M  621M  39% /boot
/dev/vda6       4.9G   33M  4.9G   1% /home
/dev/vda8       3.9G  413M  3.5G  11% /var
/dev/vda12      182M  4.8M  178M   3% /boot/efi
/dev/vda11      997M   33M  965M   4% /var/tmp
/dev/vda5       7.6G   36M  7.2G   1% /tmp
/dev/vda3        58G  7.7G   51G  14% /opt
/dev/vda9       3.9G  775M  3.2G  20% /var/log
/dev/vda10      997M   71M  927M   8% /var/log/audit
tmpfs            13G     0   13G   0% /run/user/1000
tmpfs            13G     0   13G   0% /run/user/0

*** iostat -x
Linux 3.10.0-1160.119.1.el7_9.ciqcbr.2.1.x86_64 (clspcoykvzwvsas-y-at-secas-01-datmd-005) 	05/21/2026 	_x86_64_	(16 CPU)

avg-cpu:  %user   %nice %system %iowait  %steal   %idle
           0.07    0.00    0.06    0.01    0.00   99.87

Device:         rrqm/s   wrqm/s     r/s     w/s    rkB/s    wkB/s avgrq-sz avgqu-sz   await r_await w_await  svctm  %util
vda               0.00     0.08    0.01    1.65     0.39     9.86    12.36     0.01    6.63    1.24    6.65   1.15   0.19
vdb               0.00     0.51    0.00    0.84     0.00    63.03   150.38     0.01    7.85    2.17    7.85   0.99   0.08
scd0              0.00     0.00    0.00    0.00     0.00     0.00    11.43     0.00    0.48    0.48    0.00   0.48   0.00


*** drbdadm status
pgsql role:Secondary
  disk:UpToDate
  CLSPCOYKVZWvSAS-Y-AT-SECaS-01-DATMD-006 role:Primary
    peer-disk:UpToDate


*** ps pid,comm,cpu
  PID COMMAND         %CPU
 1646 corosync         1.0
 2001 sshd             1.0
    1 systemd          0.0
    2 kthreadd         0.0
    4 kworker/0:0H     0.0
    6 ksoftirqd/0      0.0
    7 migration/0      0.0
    8 rcu_bh           0.0
    9 rcu_sched        0.0

*** free -m
              total        used        free      shared  buff/cache   available
Mem:         128771        1714      110969          38       16088      126327
Swap:          4095           0        4095

*** netstat LISTEN
7

*** netstat ESTABLISHED
3

*** netstat TIMEOUT
0

*** NXGlobalParameters IP address count ***
0

*** Buckets found for addresses ***
WSP_2001:4888:a64:3172:620:222:0:10,
WSP_2001:4888:a64:3172:620:222:0:11,
WSP_2001:4888:a64:3172:620:222:0:110,
WSP_2001:4888:a64:3172:620:222:0:111,
WSP_2001:4888:a64:3172:620:222:0:112,
WSP_2001:4888:a64:3172:620:222:0:113,
WSP_2001:4888:a64:3172:620:222:0:12,
WSP_2001:4888:a64:3172:620:222:0:13,
WSP_2001:4888:a65:3172:62e:222:0:10,
WSP_2001:4888:a65:3172:62e:222:0:11,
WSP_2001:4888:a65:3172:62e:222:0:110,
WSP_2001:4888:a65:3172:62e:222:0:111,
WSP_2001:4888:a65:3172:62e:222:0:112,
WSP_2001:4888:a65:3172:62e:222:0:113,
WSP_2001:4888:a65:3172:62e:222:0:12,
WSP_2001:4888:a65:3172:62e:222:0:13,

*** Hourly WSP buckets summary
202604 inactive no hourly report for WSPRequest buckets
202604 Inactive no hourly summary for WSPFireWall buckets

*** WSPREQUEST_CS

ls: cannot access /opt/allot/datamediation/export/WSPREQUEST_CS/: No such file or directory
