solktxesvzwvsas-y-at-secas-01-datmd-004
ACP 17.15.32 CentOS 7.9
build_13 2024-12-30 SSPK

dm 17.2.40-16

===============================DM Stats==========================

*** top 15
top - 14:59:34 up 301 days, 22:33,  0 users,  load average: 0.00, 0.01, 0.05
Tasks: 272 total,   1 running, 271 sleeping,   0 stopped,   0 zombie
%Cpu(s):  0.4 us,  0.4 sy,  0.0 ni, 99.2 id,  0.0 wa,  0.0 hi,  0.0 si,  0.0 st
KiB Mem : 13186240+total, 11114864+free,  1702764 used, 19010992 buff/cache
KiB Swap:  4194300 total,  4139516 free,    54784 used. 12941242+avail Mem 

  PID USER      PR  NI    VIRT    RES    SHR S  %CPU %MEM     TIME+ COMMAND
    1 root      20   0  191560   3956   2268 S   0.0  0.0  52:26.88 systemd
    2 root      20   0       0      0      0 S   0.0  0.0   0:03.80 kthreadd
    4 root       0 -20       0      0      0 S   0.0  0.0   0:00.00 kworker/0:+
    6 root      20   0       0      0      0 S   0.0  0.0   0:08.01 ksoftirqd/0
    7 root      rt   0       0      0      0 S   0.0  0.0   0:10.79 migration/0
    8 root      20   0       0      0      0 S   0.0  0.0   0:00.00 rcu_bh
    9 root      20   0       0      0      0 S   0.0  0.0  20:57.04 rcu_sched
   10 root       0 -20       0      0      0 S   0.0  0.0   0:00.00 lru-add-dr+

*** pcs status
Cluster Status:
 Stack: corosync
 Current DC: ha_SOLKTXESVZWvSAS-Y-AT-SECaS-01-DATMD-003 (version 1.1.23-1.el7_9.1-9acf116022) - partition with quorum
 Last updated: Thu May 21 14:59:34 2026
 Last change: Sun Nov 16 19:11:53 2025 by root via cibadmin on ha_SOLKTXESVZWvSAS-Y-AT-SECaS-01-DATMD-003
 2 nodes configured
 5 resource instances configured

PCSD Status:
  ha_SOLKTXESVZWvSAS-Y-AT-SECaS-01-DATMD-004: Online
  ha_SOLKTXESVZWvSAS-Y-AT-SECaS-01-DATMD-003: Online

*** df -h
Filesystem      Size  Used Avail Use% Mounted on
devtmpfs         63G     0   63G   0% /dev
tmpfs            63G   38M   63G   1% /dev/shm
tmpfs            63G  688K   63G   1% /run
tmpfs            63G     0   63G   0% /sys/fs/cgroup
/dev/vda2        15G  7.5G  7.2G  52% /
/dev/vda6       4.9G   33M  4.9G   1% /home
/dev/vda3        58G   12G   47G  20% /opt
/dev/vda1      1014M  572M  443M  57% /boot
/dev/vda5       7.6G   84M  7.1G   2% /tmp
/dev/vda12      182M  4.8M  178M   3% /boot/efi
/dev/vda8       3.9G  482M  3.5G  13% /var
/dev/vda11      997M   33M  965M   4% /var/tmp
/dev/vda9       3.9G  967M  3.0G  25% /var/log
/dev/vda10      997M   71M  926M   8% /var/log/audit
tmpfs            13G     0   13G   0% /run/user/0

*** iostat -x
Linux 3.10.0-1160.119.1.el7_9.ciqcbr.2.1.x86_64 (solktxesvzwvsas-y-at-secas-01-datmd-004) 	05/21/2026 	_x86_64_	(16 CPU)

avg-cpu:  %user   %nice %system %iowait  %steal   %idle
           0.20    0.00    0.05    0.00    0.00   99.74

Device:         rrqm/s   wrqm/s     r/s     w/s    rkB/s    wkB/s avgrq-sz avgqu-sz   await r_await w_await  svctm  %util
vda               0.01     0.11    0.18    1.10    13.06     7.31    31.94     0.01    4.17    1.38    4.63   1.05   0.13
vdb               0.00     0.94    0.05    2.03     5.12   285.63   280.37     0.01    3.70    1.77    3.75   0.64   0.13
scd0              0.00     0.00    0.00    0.00     0.00     0.00    11.43     0.00    0.90    0.90    0.00   0.90   0.00


*** drbdadm status
pgsql role:Secondary
  disk:UpToDate
  SOLKTXESVZWvSAS-Y-AT-SECaS-01-DATMD-003 role:Primary
    peer-disk:UpToDate


*** ps pid,comm,cpu
  PID COMMAND         %CPU
10652 sshd             2.0
 1646 corosync         0.7
    1 systemd          0.0
    2 kthreadd         0.0
    4 kworker/0:0H     0.0
    6 ksoftirqd/0      0.0
    7 migration/0      0.0
    8 rcu_bh           0.0
    9 rcu_sched        0.0

*** free -m
              total        used        free      shared  buff/cache   available
Mem:         128771        1662      108544          38       18565      126379
Swap:          4095          53        4042

*** netstat LISTEN
7

*** netstat ESTABLISHED
4

*** netstat TIMEOUT
0

*** NXGlobalParameters IP address count ***
0

*** Buckets found for addresses ***

*** Hourly WSP buckets summary
202604 inactive no hourly report for WSPRequest buckets
202604 Inactive no hourly summary for WSPFireWall buckets

*** WSPREQUEST_CS

ls: cannot access /opt/allot/datamediation/export/WSPREQUEST_CS/: No such file or directory
