clspcoykvzwvsas-y-at-secas-01-datmd-003
ACP 17.15.32 CentOS 7.9
build_13 2024-12-30 SSPK

dm 17.2.40-16
HA enabled

===============================DM Stats==========================

*** top 15
top - 14:59:34 up 419 days, 23:41,  1 user,  load average: 0.00, 0.01, 0.05
Tasks: 278 total,   1 running, 277 sleeping,   0 stopped,   0 zombie
%Cpu(s):  0.4 us,  0.4 sy,  0.0 ni, 99.2 id,  0.0 wa,  0.0 hi,  0.0 si,  0.0 st
KiB Mem : 13186240+total, 11509841+free,  1696416 used, 15067568 buff/cache
KiB Swap:  4194300 total,  4138748 free,    55552 used. 12941870+avail Mem 

  PID USER      PR  NI    VIRT    RES    SHR S  %CPU %MEM     TIME+ COMMAND
 1647 root      rt   0  197432  99168  70988 S   6.7  0.1   6729:38 corosync
    1 root      20   0  191808   4152   2260 S   0.0  0.0  95:07.78 systemd
    2 root      20   0       0      0      0 S   0.0  0.0   0:08.14 kthreadd
    4 root       0 -20       0      0      0 S   0.0  0.0   0:00.00 kworker/0:+
    6 root      20   0       0      0      0 S   0.0  0.0   0:18.96 ksoftirqd/0
    7 root      rt   0       0      0      0 S   0.0  0.0   0:19.51 migration/0
    8 root      20   0       0      0      0 S   0.0  0.0   0:00.00 rcu_bh
    9 root      20   0       0      0      0 S   0.0  0.0  38:36.12 rcu_sched

*** pcs status
Cluster Status:
 Stack: corosync
 Current DC: ha_CLSPCOYKVZWvSAS-Y-AT-SECaS-01-DATMD-004 (version 1.1.23-1.el7_9.1-9acf116022) - partition with quorum
 Last updated: Thu May 21 14:59:34 2026
 Last change: Sun Nov 16 19:00:05 2025 by root via cibadmin on ha_CLSPCOYKVZWvSAS-Y-AT-SECaS-01-DATMD-003
 2 nodes configured
 5 resource instances configured

PCSD Status:
  ha_CLSPCOYKVZWvSAS-Y-AT-SECaS-01-DATMD-003: Online
  ha_CLSPCOYKVZWvSAS-Y-AT-SECaS-01-DATMD-004: Online

*** df -h
Filesystem      Size  Used Avail Use% Mounted on
devtmpfs         63G     0   63G   0% /dev
tmpfs            63G   38M   63G   1% /dev/shm
tmpfs            63G  756K   63G   1% /run
tmpfs            63G     0   63G   0% /sys/fs/cgroup
/dev/vda2        15G  7.3G  7.4G  50% /
/dev/vda6       4.9G   33M  4.9G   1% /home
/dev/vda8       3.9G  414M  3.5G  11% /var
/dev/vda1      1014M  394M  621M  39% /boot
/dev/vda12      182M  4.8M  178M   3% /boot/efi
/dev/vda5       7.6G   36M  7.2G   1% /tmp
/dev/vda3        58G  7.7G   51G  14% /opt
/dev/vda11      997M   33M  965M   4% /var/tmp
/dev/vda9       3.9G  884M  3.1G  23% /var/log
/dev/vda10      997M   65M  933M   7% /var/log/audit
tmpfs            13G     0   13G   0% /run/user/1000
tmpfs            13G     0   13G   0% /run/user/0

*** iostat -x
Linux 3.10.0-1160.119.1.el7_9.ciqcbr.2.1.x86_64 (clspcoykvzwvsas-y-at-secas-01-datmd-003) 	05/21/2026 	_x86_64_	(16 CPU)

avg-cpu:  %user   %nice %system %iowait  %steal   %idle
           0.24    0.00    0.07    0.01    0.00   99.68

Device:         rrqm/s   wrqm/s     r/s     w/s    rkB/s    wkB/s avgrq-sz avgqu-sz   await r_await w_await  svctm  %util
vda               0.01     0.10    0.20    1.57    12.84    10.02    25.89     0.02   10.79    1.79   11.91   2.13   0.38
vdb               0.00     1.05    0.05    1.70     5.28   244.56   285.25     0.01    7.00    1.70    7.16   0.67   0.12
scd0              0.00     0.00    0.00    0.00     0.00     0.00    11.43     0.00    0.48    0.48    0.00   0.48   0.00


*** drbdadm status
pgsql role:Secondary
  disk:UpToDate
  CLSPCOYKVZWvSAS-Y-AT-SECaS-01-DATMD-004 role:Primary
    peer-disk:UpToDate


*** ps pid,comm,cpu
  PID COMMAND         %CPU
14670 sshd             2.0
 1647 corosync         1.1
    1 systemd          0.0
    2 kthreadd         0.0
    4 kworker/0:0H     0.0
    6 ksoftirqd/0      0.0
    7 migration/0      0.0
    8 rcu_bh           0.0
    9 rcu_sched        0.0

*** free -m
              total        used        free      shared  buff/cache   available
Mem:         128771        1658      112398          38       14714      126383
Swap:          4095          54        4041

*** netstat LISTEN
7

*** netstat ESTABLISHED
3

*** netstat TIMEOUT
0

*** NXGlobalParameters IP address count ***
0

*** Buckets found for addresses ***
WSP_2001:4888:A39:3172:308:222:0:10,
WSP_2001:4888:A39:3172:308:222:0:11,
WSP_2001:4888:A39:3172:308:222:0:110,
WSP_2001:4888:A39:3172:308:222:0:111,
WSP_2001:4888:A39:3172:308:222:0:112,
WSP_2001:4888:A39:3172:308:222:0:113,
WSP_2001:4888:A39:3172:308:222:0:12,
WSP_2001:4888:A39:3172:308:222:0:13,
WSP_2001:4888:a3a:3172:304:222:0:10,
WSP_2001:4888:a3a:3172:304:222:0:11,
WSP_2001:4888:a3a:3172:304:222:0:110,
WSP_2001:4888:a3a:3172:304:222:0:111,
WSP_2001:4888:a3a:3172:304:222:0:112,
WSP_2001:4888:a3a:3172:304:222:0:113,
WSP_2001:4888:a3a:3172:304:222:0:12,
WSP_2001:4888:a3a:3172:304:222:0:13,
WSP_2001:4888:a41:3172:404:222:0:10,
WSP_2001:4888:a41:3172:404:222:0:11,
WSP_2001:4888:a41:3172:404:222:0:110,
WSP_2001:4888:a41:3172:404:222:0:111,
WSP_2001:4888:a41:3172:404:222:0:112,
WSP_2001:4888:a41:3172:404:222:0:113,
WSP_2001:4888:a41:3172:404:222:0:12,
WSP_2001:4888:a41:3172:404:222:0:13,
WSP_2001:4888:a47:3172:406:222:0:10,
WSP_2001:4888:a47:3172:406:222:0:11,
WSP_2001:4888:a47:3172:406:222:0:110,
WSP_2001:4888:a47:3172:406:222:0:111,
WSP_2001:4888:a47:3172:406:222:0:112,
WSP_2001:4888:a47:3172:406:222:0:113,
WSP_2001:4888:a47:3172:406:222:0:12,
WSP_2001:4888:a47:3172:406:222:0:13,
WSP_2001:4888:a53:3172:524:222:0:10,
WSP_2001:4888:a53:3172:524:222:0:11,
WSP_2001:4888:a53:3172:524:222:0:110,
WSP_2001:4888:a53:3172:524:222:0:111,
WSP_2001:4888:a53:3172:524:222:0:112,
WSP_2001:4888:a53:3172:524:222:0:113,
WSP_2001:4888:a53:3172:524:222:0:12,
WSP_2001:4888:a53:3172:524:222:0:13,

*** Hourly WSP buckets summary
202604 inactive no hourly report for WSPRequest buckets
202604 Inactive no hourly summary for WSPFireWall buckets

*** WSPREQUEST_CS

ls: cannot access /opt/allot/datamediation/export/WSPREQUEST_CS/: No such file or directory
