clspcoykvzwvsas-y-at-secas-01-datmd-002
ACP 17.15.32 CentOS 7.9
build_13 2024-12-30 SSPK

dm 17.2.40-16
HA enabled

===============================DM Stats==========================

*** top 15
top - 14:59:34 up 48 days, 22:53,  0 users,  load average: 0.01, 0.03, 0.05
Tasks: 273 total,   1 running, 272 sleeping,   0 stopped,   0 zombie
%Cpu(s):  0.0 us,  0.0 sy,  0.0 ni,100.0 id,  0.0 wa,  0.0 hi,  0.0 si,  0.0 st
KiB Mem : 13186240+total, 11510908+free,  1767844 used, 14985476 buff/cache
KiB Swap:  4194300 total,  4194300 free,        0 used. 12934646+avail Mem 

  PID USER      PR  NI    VIRT    RES    SHR S  %CPU %MEM     TIME+ COMMAND
    1 root      20   0  191440   4372   2640 S   0.0  0.0   8:36.87 systemd
    2 root      20   0       0      0      0 S   0.0  0.0   0:01.11 kthreadd
    4 root       0 -20       0      0      0 S   0.0  0.0   0:00.00 kworker/0:+
    6 root      20   0       0      0      0 S   0.0  0.0   0:01.07 ksoftirqd/0
    7 root      rt   0       0      0      0 S   0.0  0.0   0:00.99 migration/0
    8 root      20   0       0      0      0 S   0.0  0.0   0:00.00 rcu_bh
    9 root      20   0       0      0      0 S   0.0  0.0   2:02.19 rcu_sched
   10 root       0 -20       0      0      0 S   0.0  0.0   0:00.00 lru-add-dr+

*** pcs status
Cluster Status:
 Stack: corosync
 Current DC: ha_CLSPCOYKVZWvSAS-Y-AT-SECaS-01-DATMD-001 (version 1.1.23-1.el7_9.1-9acf116022) - partition with quorum
 Last updated: Thu May 21 14:59:34 2026
 Last change: Fri Apr 24 11:53:41 2026 by hacluster via crmd on ha_CLSPCOYKVZWvSAS-Y-AT-SECaS-01-DATMD-002
 2 nodes configured
 5 resource instances configured

PCSD Status:
  ha_CLSPCOYKVZWvSAS-Y-AT-SECaS-01-DATMD-002: Online
  ha_CLSPCOYKVZWvSAS-Y-AT-SECaS-01-DATMD-001: Online

*** df -h
Filesystem      Size  Used Avail Use% Mounted on
devtmpfs         63G     0   63G   0% /dev
tmpfs            63G   39M   63G   1% /dev/shm
tmpfs            63G  692K   63G   1% /run
tmpfs            63G     0   63G   0% /sys/fs/cgroup
/dev/vda2        15G  6.9G  7.9G  47% /
/dev/vda8       3.9G  459M  3.5G  12% /var
/dev/vda3        58G  8.2G   50G  15% /opt
/dev/vda6       4.9G   33M  4.9G   1% /home
/dev/vda9       3.9G  928M  3.0G  24% /var/log
/dev/vda5       7.6G   36M  7.2G   1% /tmp
/dev/vda1      1014M  305M  710M  31% /boot
/dev/vda11      997M   33M  965M   4% /var/tmp
/dev/vda12      182M  4.8M  178M   3% /boot/efi
/dev/vda10      997M   72M  926M   8% /var/log/audit
tmpfs            13G     0   13G   0% /run/user/0

*** iostat -x
Linux 3.10.0-1160.119.1.el7_9.ciqcbr.2.1.x86_64 (clspcoykvzwvsas-y-at-secas-01-datmd-002) 	05/21/2026 	_x86_64_	(16 CPU)

avg-cpu:  %user   %nice %system %iowait  %steal   %idle
           0.04    0.00    0.04    0.00    0.00   99.92

Device:         rrqm/s   wrqm/s     r/s     w/s    rkB/s    wkB/s avgrq-sz avgqu-sz   await r_await w_await  svctm  %util
vda               0.00     0.03    0.06    0.47     3.43     3.36    26.00     0.00    8.24    1.30    9.07   2.99   0.16
vdb               0.00     0.99    0.00    2.56     0.02   498.23   389.49     0.03   11.16    1.74   11.16   1.20   0.31
scd0              0.00     0.00    0.00    0.00     0.00     0.00    11.43     0.00    0.43    0.43    0.00   0.43   0.00


*** drbdadm status
pgsql role:Secondary
  disk:UpToDate
  CLSPCOYKVZWvSAS-Y-AT-SECaS-01-DATMD-001 role:Primary
    peer-disk:UpToDate


*** ps pid,comm,cpu
  PID COMMAND         %CPU
 1670 corosync         0.7
    1 systemd          0.0
    2 kthreadd         0.0
    4 kworker/0:0H     0.0
    6 ksoftirqd/0      0.0
    7 migration/0      0.0
    8 rcu_bh           0.0
    9 rcu_sched        0.0
   10 lru-add-drain    0.0

*** free -m
              total        used        free      shared  buff/cache   available
Mem:         128771        1726      112410          38       14634      126314
Swap:          4095           0        4095

*** netstat LISTEN
7

*** netstat ESTABLISHED
4

*** netstat TIMEOUT
0

*** NXGlobalParameters IP address count ***
0

*** Buckets found for addresses ***
WSP_2001:4888:a14:3172:196:222:0:10,
WSP_2001:4888:a14:3172:196:222:0:11,
WSP_2001:4888:a14:3172:196:222:0:110,
WSP_2001:4888:a14:3172:196:222:0:111,
WSP_2001:4888:a14:3172:196:222:0:112,
WSP_2001:4888:a14:3172:196:222:0:113,
WSP_2001:4888:a14:3172:196:222:0:12,
WSP_2001:4888:a14:3172:196:222:0:13,
WSP_2001:4888:a15:3172:194:222:0:10,
WSP_2001:4888:a15:3172:194:222:0:11,
WSP_2001:4888:a15:3172:194:222:0:110,
WSP_2001:4888:a15:3172:194:222:0:111,
WSP_2001:4888:a15:3172:194:222:0:112,
WSP_2001:4888:a15:3172:194:222:0:113,
WSP_2001:4888:a15:3172:194:222:0:12,
WSP_2001:4888:a15:3172:194:222:0:13,
WSP_2001:4888:a21:3172:245:222:0:10,
WSP_2001:4888:a21:3172:245:222:0:11,
WSP_2001:4888:a21:3172:245:222:0:110,
WSP_2001:4888:a21:3172:245:222:0:111,
WSP_2001:4888:a21:3172:245:222:0:112,
WSP_2001:4888:a21:3172:245:222:0:113,
WSP_2001:4888:a21:3172:245:222:0:12,
WSP_2001:4888:a21:3172:245:222:0:13,
WSP_2001:4888:a26:3172:240:222:0:10,
WSP_2001:4888:a26:3172:240:222:0:11,
WSP_2001:4888:a26:3172:240:222:0:110,
WSP_2001:4888:a26:3172:240:222:0:111,
WSP_2001:4888:a26:3172:240:222:0:112,
WSP_2001:4888:a26:3172:240:222:0:113,
WSP_2001:4888:a26:3172:240:222:0:12,
WSP_2001:4888:a26:3172:240:222:0:13,
WSP_2001:4888:a36:3172:3a2:222:0:10,
WSP_2001:4888:a36:3172:3a2:222:0:11,
WSP_2001:4888:a36:3172:3a2:222:0:110,
WSP_2001:4888:a36:3172:3a2:222:0:111,
WSP_2001:4888:a36:3172:3a2:222:0:112,
WSP_2001:4888:a36:3172:3a2:222:0:113,
WSP_2001:4888:a36:3172:3a2:222:0:12,
WSP_2001:4888:a36:3172:3a2:222:0:13,
WSP_2001:4888:a37:3172:3a7:222:0:10,
WSP_2001:4888:a37:3172:3a7:222:0:11,
WSP_2001:4888:a37:3172:3a7:222:0:110,
WSP_2001:4888:a37:3172:3a7:222:0:111,
WSP_2001:4888:a37:3172:3a7:222:0:112,
WSP_2001:4888:a37:3172:3a7:222:0:113,
WSP_2001:4888:a37:3172:3a7:222:0:12,
WSP_2001:4888:a37:3172:3a7:222:0:13,
WSP_2001:4888:a50:3172:500:222:0:10,
WSP_2001:4888:a50:3172:500:222:0:11,
WSP_2001:4888:a50:3172:500:222:0:110,
WSP_2001:4888:a50:3172:500:222:0:111,
WSP_2001:4888:a50:3172:500:222:0:112,
WSP_2001:4888:a50:3172:500:222:0:113,
WSP_2001:4888:a50:3172:500:222:0:12,
WSP_2001:4888:a50:3172:500:222:0:13,
WSP_2001:4888:a51:3172:0506:222:0:10,
WSP_2001:4888:a51:3172:0506:222:0:11,
WSP_2001:4888:a51:3172:0506:222:0:110,
WSP_2001:4888:a51:3172:0506:222:0:111,
WSP_2001:4888:a51:3172:0506:222:0:112,
WSP_2001:4888:a51:3172:0506:222:0:113,
WSP_2001:4888:a51:3172:0506:222:0:12,
WSP_2001:4888:a51:3172:0506:222:0:13,
WSP_2001:4888:a52:3172:528:222:0:10,
WSP_2001:4888:a52:3172:528:222:0:11,
WSP_2001:4888:a52:3172:528:222:0:110,
WSP_2001:4888:a52:3172:528:222:0:111,
WSP_2001:4888:a52:3172:528:222:0:112,
WSP_2001:4888:a52:3172:528:222:0:113,
WSP_2001:4888:a52:3172:528:222:0:12,
WSP_2001:4888:a52:3172:528:222:0:13,
WSP_2001:4888:a66:3172:645:222:0:10,
WSP_2001:4888:a66:3172:645:222:0:11,
WSP_2001:4888:a66:3172:645:222:0:110,
WSP_2001:4888:a66:3172:645:222:0:111,
WSP_2001:4888:a66:3172:645:222:0:112,
WSP_2001:4888:a66:3172:645:222:0:113,
WSP_2001:4888:a66:3172:645:222:0:12,
WSP_2001:4888:a66:3172:645:222:0:13,
WSP_2001:4888:a67:3172:643:222:0:10,
WSP_2001:4888:a67:3172:643:222:0:11,
WSP_2001:4888:a67:3172:643:222:0:110,
WSP_2001:4888:a67:3172:643:222:0:111,
WSP_2001:4888:a67:3172:643:222:0:112,
WSP_2001:4888:a67:3172:643:222:0:113,
WSP_2001:4888:a67:3172:643:222:0:12,
WSP_2001:4888:a67:3172:643:222:0:13,

*** Hourly WSP buckets summary
202604 inactive no hourly report for WSPRequest buckets
202604 Inactive no hourly summary for WSPFireWall buckets

*** WSPREQUEST_CS

ls: cannot access /opt/allot/datamediation/export/WSPREQUEST_CS/: No such file or directory
