solktxesvzwvsas-y-at-secas-01-datmd-001
ACP 17.15.32 CentOS 7.9
build_13 2024-12-30 SSPK

dm 17.2.40-16
HA enabled

===============================DM Stats==========================

*** top 15
top - 14:59:34 up 301 days, 22:35,  0 users,  load average: 0.03, 0.02, 0.05
Tasks: 273 total,   1 running, 272 sleeping,   0 stopped,   0 zombie
%Cpu(s):  0.0 us,  0.4 sy,  0.0 ni, 99.6 id,  0.0 wa,  0.0 hi,  0.0 si,  0.0 st
KiB Mem : 13186240+total, 11057003+free,  1761964 used, 19530408 buff/cache
KiB Swap:  4194300 total,  4139672 free,    54628 used. 12935323+avail Mem 

  PID USER      PR  NI    VIRT    RES    SHR S  %CPU %MEM     TIME+ COMMAND
 1681 root      rt   0  194380  96116  70988 S   6.7  0.1   4612:34 corosync
    1 root      20   0  191584   3952   2272 S   0.0  0.0  64:45.01 systemd
    2 root      20   0       0      0      0 S   0.0  0.0   0:05.25 kthreadd
    4 root       0 -20       0      0      0 S   0.0  0.0   0:00.00 kworker/0:+
    6 root      20   0       0      0      0 S   0.0  0.0   0:14.35 ksoftirqd/0
    7 root      rt   0       0      0      0 S   0.0  0.0   0:11.20 migration/0
    8 root      20   0       0      0      0 S   0.0  0.0   0:00.00 rcu_bh
    9 root      20   0       0      0      0 S   0.0  0.0  26:30.88 rcu_sched

*** pcs status
Cluster Status:
 Stack: corosync
 Current DC: ha_SOLKTXESVZWvSAS-Y-AT-SECaS-01-DATMD-002 (version 1.1.23-1.el7_9.1-9acf116022) - partition with quorum
 Last updated: Thu May 21 14:59:34 2026
 Last change: Sun Nov 16 19:12:27 2025 by root via cibadmin on ha_SOLKTXESVZWvSAS-Y-AT-SECaS-01-DATMD-002
 2 nodes configured
 5 resource instances configured

PCSD Status:
  ha_SOLKTXESVZWvSAS-Y-AT-SECaS-01-DATMD-001: Online
  ha_SOLKTXESVZWvSAS-Y-AT-SECaS-01-DATMD-002: Online

*** df -h
Filesystem      Size  Used Avail Use% Mounted on
devtmpfs         63G     0   63G   0% /dev
tmpfs            63G   38M   63G   1% /dev/shm
tmpfs            63G  688K   63G   1% /run
tmpfs            63G     0   63G   0% /sys/fs/cgroup
/dev/vda2        15G  7.5G  7.2G  52% /
/dev/vda8       3.9G  482M  3.5G  13% /var
/dev/vda1      1014M  572M  443M  57% /boot
/dev/vda6       4.9G   33M  4.9G   1% /home
/dev/vda9       3.9G  1.1G  2.9G  26% /var/log
/dev/vda12      182M  4.8M  178M   3% /boot/efi
/dev/vda5       7.6G   83M  7.1G   2% /tmp
/dev/vda11      997M   33M  965M   4% /var/tmp
/dev/vda3        58G   12G   47G  20% /opt
/dev/vda10      997M   68M  929M   7% /var/log/audit
tmpfs            13G     0   13G   0% /run/user/0

*** iostat -x
Linux 3.10.0-1160.119.1.el7_9.ciqcbr.2.1.x86_64 (solktxesvzwvsas-y-at-secas-01-datmd-001) 	05/21/2026 	_x86_64_	(16 CPU)

avg-cpu:  %user   %nice %system %iowait  %steal   %idle
           0.34    0.00    0.09    0.01    0.00   99.56

Device:         rrqm/s   wrqm/s     r/s     w/s    rkB/s    wkB/s avgrq-sz avgqu-sz   await r_await w_await  svctm  %util
vda               0.04     0.14    0.21    1.11    14.04     7.86    33.13     0.01    4.34    1.65    4.84   1.05   0.14
vdb               0.00     1.95    0.15    3.86    14.15   598.22   305.90     0.02    5.51    2.31    5.63   0.71   0.28
scd0              0.00     0.00    0.00    0.00     0.00     0.00    11.43     0.00    0.48    0.48    0.00   0.48   0.00
drbd0             0.00     0.00    0.00    0.00     0.00     0.00    55.37     0.00    0.58    0.58    0.00   0.37   0.00


*** drbdadm status
pgsql role:Secondary
  disk:UpToDate
  SOLKTXESVZWvSAS-Y-AT-SECaS-01-DATMD-002 role:Primary
    peer-disk:UpToDate


*** ps pid,comm,cpu
  PID COMMAND         %CPU
 6042 sshd             2.0
 1681 corosync         1.0
20680 drbd_r_pgsql     0.1
    1 systemd          0.0
    2 kthreadd         0.0
    4 kworker/0:0H     0.0
    6 ksoftirqd/0      0.0
    7 migration/0      0.0
    8 rcu_bh           0.0

*** free -m
              total        used        free      shared  buff/cache   available
Mem:         128771        1718      107980          38       19073      126323
Swap:          4095          53        4042

*** netstat LISTEN
7

*** netstat ESTABLISHED
4

*** netstat TIMEOUT
0

*** NXGlobalParameters IP address count ***
0

*** Buckets found for addresses ***

*** Hourly WSP buckets summary
202604 inactive no hourly report for WSPRequest buckets
202604 Inactive no hourly summary for WSPFireWall buckets

*** WSPREQUEST_CS

ls: cannot access /opt/allot/datamediation/export/WSPREQUEST_CS/: No such file or directory
